// Jest Snapshot v1, https://goo.gl/fbAQLP

exports[`EstablishmentsTable renders correctly 1`] = `
<DocumentFragment>
  <table>
    <thead>
      <tr>
        <th
          style="padding-bottom: 10px; text-align: left; font-size: 20px;"
        >
          Business Name
        </th>
        <th
          style="padding-bottom: 10px; text-align: left; font-size: 20px;"
        >
          Rating Value
        </th>
      </tr>
    </thead>
    <tbody>
      <tr
        style="font-size: 20px;"
      >
        <td>
          <a
            data-discover="true"
            href="/22999/details"
          >
            Joe
          </a>
        </td>
        <td>
          5
        </td>
      </tr>
      <tr
        style="font-size: 20px;"
      >
        <td>
          <a
            data-discover="true"
            href="/67890/details"
          >
            Habib
          </a>
        </td>
        <td>
          4
        </td>
      </tr>
      <tr
        style="font-size: 20px;"
      >
        <td>
          <a
            data-discover="true"
            href="/09888/details"
          >
            Mc Hogwarts
          </a>
        </td>
        <td>
          3
        </td>
      </tr>
    </tbody>
  </table>
</DocumentFragment>
`;
