// Jest Snapshot v1, https://goo.gl/fbAQLP

exports[`EstablishmentsTable renders correctly 1`] = `
<DocumentFragment>
  <table
    style="min-height: 25rem;"
  >
    <thead>
      <tr>
        <th />
        <th>
          Business Name
        </th>
        <th>
          Rating Value
        </th>
      </tr>
    </thead>
    <tbody>
      <tr>
        <td>
          <input
            type="checkbox"
          />
        </td>
        <td
          class="font-size-20"
        >
          <a
            data-discover="true"
            href="/22999/details"
          >
            Joe
          </a>
        </td>
        <td
          class="font-size-20"
        >
          5
        </td>
      </tr>
      <tr>
        <td>
          <input
            type="checkbox"
          />
        </td>
        <td
          class="font-size-20"
        >
          <a
            data-discover="true"
            href="/67890/details"
          >
            Habib
          </a>
        </td>
        <td
          class="font-size-20"
        >
          4
        </td>
      </tr>
      <tr>
        <td>
          <input
            type="checkbox"
          />
        </td>
        <td
          class="font-size-20"
        >
          <a
            data-discover="true"
            href="/09888/details"
          >
            Mc Hogwarts
          </a>
        </td>
        <td
          class="font-size-20"
        >
          3
        </td>
      </tr>
    </tbody>
  </table>
</DocumentFragment>
`;
